<html>
<body>
<pre>
<h1>µVision Build Log</h1>
<h2>Project:</h2>
D:\PengJie\project2017\CAN\pro\can.uvproj
Project File Date:  05/04/2014

<h2>Output:</h2>
Build target 'CAN'
linking...
Program Size: Code=9180 RO-data=368 RW-data=5412 ZI-data=1636  
FromELF: creating hex file...
"..\Obj\CAN.axf" - 0 Errors, 0 Warning(s).
Load "..\\Obj\\CAN.axf" 
Set JLink Project File to "D:\PengJie\project2017\CAN\pro\JLinkSettings.ini"
* JLink Info: Device "STM32F107VC" selected (256 KB flash, 20 KB RAM).
 
JLink info:
------------
DLL: V4.50l, compiled Jul  9 2012 15:02:49
Firmware: J-Link ARM V8 compiled Jun 19 2012 11:29:30
Hardware: V8.00
 
* JLink Info: STM32F1xxx: Can not attach to CPU. Trying connect under reset.
**JLink Warning: RESET (pin 15) high, but should be low. Please check target hardware.
***JLink Error: Supply voltage too low (1 Volt is required, Measured: 0.0 Volt).
Please check target power.
Load "..\\Obj\\CAN.axf" 
Set JLink Project File to "D:\PengJie\project2017\CAN\pro\JLinkSettings.ini"
* JLink Info: Device "STM32F107VC" selected (256 KB flash, 20 KB RAM).
 
JLink info:
------------
DLL: V4.50l, compiled Jul  9 2012 15:02:49
Firmware: J-Link ARM V8 compiled Jun 19 2012 11:29:30
Hardware: V8.00
 
* JLink Info: TotalIRLen = 9, IRPrint = 0x0011
* JLink Info: TotalIRLen = 9, IRPrint = 0x0011
* JLink Info: Found Cortex-M3 r1p1, Little endian.
* JLink Info: TPIU fitted.
* JLink Info: ETM fitted.
* JLink Info: FPUnit: 6 code (BP) slots and 2 literal slots
ROMTableAddr = 0xE00FF003
* JLink Info: Found Cortex-M3 r1p1, Little endian.
* JLink Info: TPIU fitted.
* JLink Info: ETM fitted.
* JLink Info: FPUnit: 6 code (BP) slots and 2 literal slots
 
Target info:
------------
Device: STM32F107VC
VTarget = 3.267V
State of Pins: 
TCK: 1, TDI: 0, TDO: 0, TMS: 0, TRES: 1, TRST: 1
Hardware-Breakpoints: 6
Software-Breakpoints: 8192
Watchpoints:          4
JTAG speed: 2000 kHz
 
Erase Done.
Programming Done.
Verify OK.
* JLink Info: Found Cortex-M3 r1p1, Little endian.
* JLink Info: TPIU fitted.
* JLink Info: ETM fitted.
* JLink Info: FPUnit: 6 code (BP) slots and 2 literal slots
Application running ...
Build target 'CAN'
compiling main.c...
..\Source\App\main.c(179): warning:  #177-D: variable "RxMessage" was declared but never referenced
..\Source\App\main.c(277): warning:  #940-D: missing return statement at end of non-void function "CAN_Polling"
linking...
Program Size: Code=9184 RO-data=368 RW-data=5412 ZI-data=1636  
FromELF: creating hex file...
"..\Obj\CAN.axf" - 0 Errors, 2 Warning(s).
Build target 'CAN'
compiling main.c...
..\Source\App\main.c(179): warning:  #177-D: variable "RxMessage" was declared but never referenced
..\Source\App\main.c(277): warning:  #940-D: missing return statement at end of non-void function "CAN_Polling"
linking...
Program Size: Code=9184 RO-data=368 RW-data=5412 ZI-data=1636  
FromELF: creating hex file...
"..\Obj\CAN.axf" - 0 Errors, 2 Warning(s).
Load "..\\Obj\\CAN.axf" 
Set JLink Project File to "D:\PengJie\project2017\CAN\pro\JLinkSettings.ini"
* JLink Info: Device "STM32F107VC" selected (256 KB flash, 20 KB RAM).
 
JLink info:
------------
DLL: V4.50l, compiled Jul  9 2012 15:02:49
Firmware: J-Link ARM V8 compiled Jun 19 2012 11:29:30
Hardware: V8.00
 
* JLink Info: TotalIRLen = 9, IRPrint = 0x0011
* JLink Info: TotalIRLen = 9, IRPrint = 0x0011
* JLink Info: Found Cortex-M3 r1p1, Little endian.
* JLink Info: TPIU fitted.
* JLink Info: ETM fitted.
* JLink Info: FPUnit: 6 code (BP) slots and 2 literal slots
ROMTableAddr = 0xE00FF003
* JLink Info: Found Cortex-M3 r1p1, Little endian.
* JLink Info: TPIU fitted.
* JLink Info: ETM fitted.
* JLink Info: FPUnit: 6 code (BP) slots and 2 literal slots
 
Target info:
------------
Device: STM32F107VC
VTarget = 3.274V
State of Pins: 
TCK: 1, TDI: 0, TDO: 0, TMS: 0, TRES: 1, TRST: 1
Hardware-Breakpoints: 6
Software-Breakpoints: 8192
Watchpoints:          4
JTAG speed: 2000 kHz
 
Erase Done.
Programming Done.
Verify OK.
* JLink Info: Found Cortex-M3 r1p1, Little endian.
* JLink Info: TPIU fitted.
* JLink Info: ETM fitted.
* JLink Info: FPUnit: 6 code (BP) slots and 2 literal slots
Application running ...
Build target 'CAN'
compiling main.c...
..\Source\App\main.c(179): warning:  #177-D: variable "RxMessage" was declared but never referenced
..\Source\App\main.c(277): warning:  #940-D: missing return statement at end of non-void function "CAN_Polling"
linking...
Program Size: Code=9184 RO-data=368 RW-data=5412 ZI-data=1636  
FromELF: creating hex file...
"..\Obj\CAN.axf" - 0 Errors, 2 Warning(s).
Build target 'CAN'
assembling startup_stm32f10x_hd.s...
linking...
Program Size: Code=9204 RO-data=336 RW-data=5412 ZI-data=2148  
FromELF: creating hex file...
"..\Obj\CAN.axf" - 0 Errors, 0 Warning(s).
Build target 'CAN'
assembling startup_stm32f10x_hd.s...
linking...
Program Size: Code=9204 RO-data=336 RW-data=5412 ZI-data=2148  
FromELF: creating hex file...
"..\Obj\CAN.axf" - 0 Errors, 0 Warning(s).
Load "..\\Obj\\CAN.axf" 
Set JLink Project File to "D:\PengJie\project2017\CAN\pro\JLinkSettings.ini"
* JLink Info: Device "STM32F103RE" selected (512 KB flash, 64 KB RAM).
 
JLink info:
------------
DLL: V4.50l, compiled Jul  9 2012 15:02:49
Firmware: J-Link ARM V8 compiled Jun 19 2012 11:29:30
Hardware: V8.00
 
* JLink Info: TotalIRLen = 9, IRPrint = 0x0011
* JLink Info: TotalIRLen = 9, IRPrint = 0x0011
* JLink Info: Found Cortex-M3 r1p1, Little endian.
* JLink Info: TPIU fitted.
* JLink Info: ETM fitted.
* JLink Info: FPUnit: 6 code (BP) slots and 2 literal slots
ROMTableAddr = 0xE00FF003
* JLink Info: Found Cortex-M3 r1p1, Little endian.
* JLink Info: TPIU fitted.
* JLink Info: ETM fitted.
* JLink Info: FPUnit: 6 code (BP) slots and 2 literal slots
 
Target info:
------------
Device: STM32F103RE
VTarget = 3.293V
State of Pins: 
TCK: 1, TDI: 0, TDO: 0, TMS: 0, TRES: 1, TRST: 1
Hardware-Breakpoints: 6
Software-Breakpoints: 8192
Watchpoints:          4
JTAG speed: 2000 kHz
 
Erase Done.
Programming Done.
Verify OK.
* JLink Info: Found Cortex-M3 r1p1, Little endian.
* JLink Info: TPIU fitted.
* JLink Info: ETM fitted.
* JLink Info: FPUnit: 6 code (BP) slots and 2 literal slots
Application running ...
Build target 'CAN'
assembling startup_stm32f10x_hd.s...
linking...
Program Size: Code=9196 RO-data=336 RW-data=5412 ZI-data=2148  
FromELF: creating hex file...
"..\Obj\CAN.axf" - 0 Errors, 0 Warning(s).
Load "..\\Obj\\CAN.axf" 
Set JLink Project File to "D:\PengJie\project2017\CAN\pro\JLinkSettings.ini"
* JLink Info: Device "STM32F103RE" selected (512 KB flash, 64 KB RAM).
 
JLink info:
------------
DLL: V4.50l, compiled Jul  9 2012 15:02:49
Firmware: J-Link ARM V8 compiled Jun 19 2012 11:29:30
Hardware: V8.00
 
* JLink Info: TotalIRLen = 9, IRPrint = 0x0011
* JLink Info: TotalIRLen = 9, IRPrint = 0x0011
* JLink Info: Found Cortex-M3 r1p1, Little endian.
* JLink Info: TPIU fitted.
* JLink Info: ETM fitted.
* JLink Info: FPUnit: 6 code (BP) slots and 2 literal slots
ROMTableAddr = 0xE00FF003
* JLink Info: Found Cortex-M3 r1p1, Little endian.
* JLink Info: TPIU fitted.
* JLink Info: ETM fitted.
* JLink Info: FPUnit: 6 code (BP) slots and 2 literal slots
 
Target info:
------------
Device: STM32F103RE
VTarget = 3.293V
State of Pins: 
TCK: 1, TDI: 0, TDO: 0, TMS: 0, TRES: 1, TRST: 1
Hardware-Breakpoints: 6
Software-Breakpoints: 8192
Watchpoints:          4
JTAG speed: 2000 kHz
 
Erase Done.
Programming Done.
Verify OK.
* JLink Info: Found Cortex-M3 r1p1, Little endian.
* JLink Info: TPIU fitted.
* JLink Info: ETM fitted.
* JLink Info: FPUnit: 6 code (BP) slots and 2 literal slots
Application running ...
Build target 'CAN'
linking...
Program Size: Code=9196 RO-data=336 RW-data=5412 ZI-data=2148  
FromELF: creating hex file...
"..\Obj\CAN.axf" - 0 Errors, 0 Warning(s).
Load "..\\Obj\\CAN.axf" 
Set JLink Project File to "D:\PengJie\project2017\CAN\pro\JLinkSettings.ini"
* JLink Info: Device "STM32F103RE" selected (512 KB flash, 64 KB RAM).
 
JLink info:
------------
DLL: V4.50l, compiled Jul  9 2012 15:02:49
Firmware: J-Link ARM V8 compiled Jun 19 2012 11:29:30
Hardware: V8.00
 
* JLink Info: TotalIRLen = 9, IRPrint = 0x0011
* JLink Info: TotalIRLen = 9, IRPrint = 0x0011
* JLink Info: Found Cortex-M3 r1p1, Little endian.
* JLink Info: TPIU fitted.
* JLink Info: ETM fitted.
* JLink Info: FPUnit: 6 code (BP) slots and 2 literal slots
ROMTableAddr = 0xE00FF003
* JLink Info: Found Cortex-M3 r1p1, Little endian.
* JLink Info: TPIU fitted.
* JLink Info: ETM fitted.
* JLink Info: FPUnit: 6 code (BP) slots and 2 literal slots
 
Target info:
------------
Device: STM32F103RE
VTarget = 3.293V
State of Pins: 
TCK: 1, TDI: 0, TDO: 0, TMS: 0, TRES: 1, TRST: 1
Hardware-Breakpoints: 6
Software-Breakpoints: 8192
Watchpoints:          4
JTAG speed: 2000 kHz
 
Erase Done.
Programming Done.
Verify OK.
* JLink Info: Found Cortex-M3 r1p1, Little endian.
* JLink Info: TPIU fitted.
* JLink Info: ETM fitted.
* JLink Info: FPUnit: 6 code (BP) slots and 2 literal slots
Application running ...
Build target 'CAN'
compiling GLCD.c...
compiling main.c...
..\Source\App\main.c(74): error:  #20: identifier "CAN1_RX0_IRQn" is undefined
..\Source\App\main.c(179): warning:  #177-D: variable "RxMessage" was declared but never referenced
..\Source\App\main.c(277): warning:  #940-D: missing return statement at end of non-void function "CAN_Polling"
compiling stm32f10x_it.c...
compiling USART.c...
compiling core_cm3.c...
compiling system_stm32f10x.c...
compiling misc.c...
compiling stm32f10x_adc.c...
compiling stm32f10x_bkp.c...
compiling stm32f10x_can.c...
compiling stm32f10x_crc.c...
compiling stm32f10x_dac.c...
compiling stm32f10x_dbgmcu.c...
compiling stm32f10x_dma.c...
compiling stm32f10x_exti.c...
compiling stm32f10x_flash.c...
compiling stm32f10x_fsmc.c...
compiling stm32f10x_gpio.c...
compiling stm32f10x_i2c.c...
compiling stm32f10x_iwdg.c...
compiling stm32f10x_pwr.c...
compiling stm32f10x_rcc.c...
compiling stm32f10x_rtc.c...
compiling stm32f10x_sdio.c...
compiling stm32f10x_spi.c...
compiling stm32f10x_tim.c...
compiling stm32f10x_usart.c...
compiling stm32f10x_wwdg.c...
"..\Obj\CAN.axf" - 1 Errors, 2 Warning(s).
Target not created
Build target 'CAN'
compiling main.c...
..\Source\App\main.c(74): error:  #20: identifier "CAN1_RX0_IRQn" is undefined
..\Source\App\main.c(179): warning:  #177-D: variable "RxMessage" was declared but never referenced
..\Source\App\main.c(277): warning:  #940-D: missing return statement at end of non-void function "CAN_Polling"
"..\Obj\CAN.axf" - 1 Errors, 2 Warning(s).
Target not created
Build target 'CAN'
compiling main.c...
..\Source\App\main.c(179): warning:  #177-D: variable "RxMessage" was declared but never referenced
..\Source\App\main.c(277): warning:  #940-D: missing return statement at end of non-void function "CAN_Polling"
linking...
Program Size: Code=8772 RO-data=336 RW-data=5412 ZI-data=2148  
FromELF: creating hex file...
"..\Obj\CAN.axf" - 0 Errors, 2 Warning(s).
Load "..\\Obj\\CAN.axf" 
Set JLink Project File to "D:\PengJie\project2017\CAN\pro\JLinkSettings.ini"
* JLink Info: Device "STM32F103RE" selected (512 KB flash, 64 KB RAM).
 
JLink info:
------------
DLL: V4.50l, compiled Jul  9 2012 15:02:49
Firmware: J-Link ARM V8 compiled Jun 19 2012 11:29:30
Hardware: V8.00
 
* JLink Info: TotalIRLen = 9, IRPrint = 0x0011
* JLink Info: TotalIRLen = 9, IRPrint = 0x0011
* JLink Info: Found Cortex-M3 r1p1, Little endian.
* JLink Info: TPIU fitted.
* JLink Info: ETM fitted.
* JLink Info: FPUnit: 6 code (BP) slots and 2 literal slots
ROMTableAddr = 0xE00FF003
* JLink Info: Found Cortex-M3 r1p1, Little endian.
* JLink Info: TPIU fitted.
* JLink Info: ETM fitted.
* JLink Info: FPUnit: 6 code (BP) slots and 2 literal slots
 
Target info:
------------
Device: STM32F103RE
VTarget = 3.293V
State of Pins: 
TCK: 1, TDI: 0, TDO: 0, TMS: 0, TRES: 1, TRST: 1
Hardware-Breakpoints: 6
Software-Breakpoints: 8192
Watchpoints:          4
JTAG speed: 2000 kHz
 
Erase Done.
Programming Done.
Verify OK.
* JLink Info: Found Cortex-M3 r1p1, Little endian.
* JLink Info: TPIU fitted.
* JLink Info: ETM fitted.
* JLink Info: FPUnit: 6 code (BP) slots and 2 literal slots
Application running ...
